[    0.000000] Initializing cgroup subsys cpuset
[    0.000000] Initializing cgroup subsys cpu
[    0.000000] Linux version 3.2.0-4-versatile (debian-kernel@lists.debian.org) (gcc version 4.6.3 (Debian 4.6.3-14) ) #1 Debian 3.2.51-1
[    0.000000] CPU: ARM926EJ-S [41069265] revision 5 (ARMv5TEJ), cr=00093177
[    0.000000] CPU: VIVT data cache, VIVT instruction cache
[    0.000000] Machine: ARM-Versatile PB
[    0.000000] Memory policy: ECC disabled, Data cache writeback
[    0.000000] On node 0 totalpages: 32768
[    0.000000] free_area_init_node: node 0, pgdat c03be624, node_mem_map c0423000
[    0.000000]   Normal zone: 256 pages used for memmap
[    0.000000]   Normal zone: 0 pages reserved
[    0.000000]   Normal zone: 32512 pages, LIFO batch:7
[    0.000000] sched_clock: 32 bits at 24MHz, resolution 41ns, wraps every 178956ms
[    0.000000] pcpu-alloc: s0 r0 d32768 u32768 alloc=1*32768
[    0.000000] pcpu-alloc: [0] 0 
[    0.000000] Built 1 zonelists in Zone order, mobility grouping on.  Total pages: 32512
[    0.000000] Kernel command line: root=/dev/sda1
[    0.000000] PID hash table entries: 512 (order: -1, 2048 bytes)
[    0.000000] Dentry cache hash table entries: 16384 (order: 4, 65536 bytes)
[    0.000000] Inode-cache hash table entries: 8192 (order: 3, 32768 bytes)
[    0.000000] Memory: 128MB = 128MB total
[    0.000000] Memory: 123144k/123144k available, 7928k reserved, 0K highmem
[    0.000000] Virtual kernel memory layout:
[    0.000000]     vector  : 0xffff0000 - 0xffff1000   (   4 kB)
[    0.000000]     fixmap  : 0xfff00000 - 0xfffe0000   ( 896 kB)
[    0.000000]     vmalloc : 0xc8800000 - 0xd8000000   ( 248 MB)
[    0.000000]     lowmem  : 0xc0000000 - 0xc8000000   ( 128 MB)
[    0.000000]     modules : 0xbf000000 - 0xc0000000   (  16 MB)
[    0.000000]       .text : 0xc0008000 - 0xc036fe74   (3488 kB)
[    0.000000]       .init : 0xc0370000 - 0xc038e000   ( 120 kB)
[    0.000000]       .data : 0xc038e000 - 0xc03bf978   ( 199 kB)
[    0.000000]        .bss : 0xc03bf99c - 0xc0422dcc   ( 398 kB)
[    0.000000] NR_IRQS:192
[    0.000000] VIC @f1140000: id 0x00041190, vendor 0x41
[    0.000000] Console: colour dummy device 80x30
[    0.000000] console [tty0] enabled
[    0.012324] Calibrating delay loop... 1076.42 BogoMIPS (lpj=5382144)
[    0.151502] pid_max: default: 32768 minimum: 301
[    0.154132] Security Framework initialized
[    0.155740] Mount-cache hash table entries: 512
[    0.160122] Initializing cgroup subsys cpuacct
[    0.160210] Initializing cgroup subsys memory
[    0.160401] Initializing cgroup subsys devices
[    0.160450] Initializing cgroup subsys freezer
[    0.160484] Initializing cgroup subsys net_cls
[    0.160518] Initializing cgroup subsys blkio
[    0.160564] Initializing cgroup subsys perf_event
[    0.161407] CPU: Testing write buffer coherency: ok
[    0.169978] devtmpfs: initialized
[    0.175375] print_constraints: dummy: 
[    0.176984] NET: Registered protocol family 16
[    0.181355] Serial: AMBA PL011 UART driver
[    0.182090] dev:f1: ttyAMA0 at MMIO 0x101f1000 (irq = 12) is a PL011 rev1
[    0.183321] dev:f2: ttyAMA1 at MMIO 0x101f2000 (irq = 13) is a PL011 rev1
[    0.183622] dev:f3: ttyAMA2 at MMIO 0x101f3000 (irq = 14) is a PL011 rev1
[    0.183905] fpga:09: ttyAMA3 at MMIO 0x10009000 (irq = 38) is a PL011 rev1
[    0.184703] PCI core found (slot 11)
[    0.185574] pci 0000:00:0c.0: [1000:0012] type 0 class 0x000100
[    0.185879] pci 0000:00:0c.0: reg 10: [io  0x0000-0x00ff]
[    0.185919] pci 0000:00:0c.0: reg 14: [mem 0x00000000-0x000003ff]
[    0.185934] pci 0000:00:0c.0: reg 18: [mem 0x00000000-0x00001fff]
[    0.186407] PCI: bus0: Fast back to back transfers disabled
[    0.186908] PCI map irq: slot 0, pin 1, devslot 12, irq: 27
[    0.187373] pci 0000:00:0c.0: BAR 2: assigned [mem 0x50000000-0x50001fff]
[    0.187487] pci 0000:00:0c.0: BAR 1: assigned [mem 0x50002000-0x500023ff]
[    0.187526] pci 0000:00:0c.0: BAR 0: assigned [io  0x44000000-0x440000ff]
[    0.193942] bio: create slab <bio-0> at 0
[    0.196936] vgaarb: loaded
[    0.200010] Registered led device: versatile:0
[    0.200172] Registered led device: versatile:1
[    0.200258] Registered led device: versatile:2
[    0.200351] Registered led device: versatile:3
[    0.200436] Registered led device: versatile:4
[    0.200529] Registered led device: versatile:5
[    0.200616] Registered led device: versatile:6
[    0.200757] Registered led device: versatile:7
[    0.200812] Switching to clocksource timer3
[    0.232174] NET: Registered protocol family 2
[    0.234308] IP route cache hash table entries: 1024 (order: 0, 4096 bytes)
[    0.238308] TCP established hash table entries: 4096 (order: 3, 32768 bytes)
[    0.238400] TCP bind hash table entries: 4096 (order: 2, 16384 bytes)
[    0.238487] TCP: Hash tables configured (established 4096 bind 4096)
[    0.238546] TCP reno registered
[    0.238595] UDP hash table entries: 256 (order: 0, 4096 bytes)
[    0.238671] UDP-Lite hash table entries: 256 (order: 0, 4096 bytes)
[    0.240585] NET: Registered protocol family 1
[    0.240809] PCI: CLS 32 bytes, default 32
[    0.242459] Unpacking initramfs...
[    0.433643] Freeing initrd memory: 2524K
[    0.433742] NetWinder Floating Point Emulator V0.97 (double precision)
[    0.437003] audit: initializing netlink socket (disabled)
[    0.437301] type=2000 audit(0.400:1): initialized
[    0.446021] VFS: Disk quotas dquot_6.5.2
[    0.446734] Dquot-cache hash table entries: 1024 (order 0, 4096 bytes)
[    0.447482] msgmni has been set to 245
[    0.452810] alg: No test for stdrng (krng)
[    0.453594] Block layer SCSI generic (bsg) driver version 0.4 loaded (major 253)
[    0.453715] io scheduler noop registered
[    0.453747] io scheduler deadline registered
[    0.454840] io scheduler cfq registered (default)
[    0.455913] clcd-pl11x dev:20: PL110 rev0 at 0x10120000
[    0.456913] clcd-pl11x dev:20: Versatile hardware, VGA display
[    0.486018] Console: switching to colour frame buffer device 80x30
[    0.492144] mousedev: PS/2 mouse device common for all mice
[    0.497593] rtc-pl031 dev:e8: rtc core: registered pl031 as rtc0
[    0.501812] TCP cubic registered
[    0.503709] NET: Registered protocol family 17
[    0.505405] Registering the dns_resolver key type
[    0.507188] VFP support v0.3: implementor 41 architecture 1 part 10 variant 9 rev 0
[    0.512227] registered taskstats version 1
[    0.514171] rtc-pl031 dev:e8: setting system clock to 2020-08-12 05:16:31 UTC (1597209391)
[    0.517021] Initializing network drop monitor service
[    0.522832] Freeing init memory: 120K
[    0.592469] input: AT Raw Set 2 keyboard as /devices/fpga:06/serio0/input/input0
[    0.819877] udevd[42]: starting version 175
[    1.381232] SCSI subsystem initialized
[    1.388155] PCI: enabling device 0000:00:0c.0 (0100 -> 0103)
[    1.391628] sym0: <895a> rev 0x0 at pci 0000:00:0c.0 irq 27
[    1.445889] sym0: No NVRAM, ID 7, Fast-40, LVD, parity checking
[    1.456300] sym0: SCSI BUS has been reset.
[    1.458104] scsi0 : sym-2.2.3
[    4.462127] sym0: unknown interrupt(s) ignored, ISTAT=0x5 DSTAT=0x80 SIST=0x0
[    4.467018] scsi 0:0:0:0: Direct-Access     QEMU     QEMU HARDDISK    2.5+ PQ: 0 ANSI: 5
[    4.470311] scsi target0:0:0: tagged command queuing enabled, command queue depth 16.
[    4.474415] scsi target0:0:0: Beginning Domain Validation
[    4.477102] scsi target0:0:0: Domain Validation skipping write tests
[    4.478677] scsi target0:0:0: Ending Domain Validation
[    4.483855] scsi 0:0:2:0: CD-ROM            QEMU     QEMU CD-ROM      2.5+ PQ: 0 ANSI: 5
[    4.488120] scsi target0:0:2: tagged command queuing enabled, command queue depth 16.
[    4.492664] scsi target0:0:2: Beginning Domain Validation
[    4.496411] scsi target0:0:2: Domain Validation skipping write tests
[    4.498304] scsi target0:0:2: Ending Domain Validation
[    4.614523] sd 0:0:0:0: [sda] 52428800 512-byte logical blocks: (26.8 GB/25.0 GiB)
[    4.618468] sd 0:0:0:0: [sda] Write Protect is off
[    4.620079] sd 0:0:0:0: [sda] Mode Sense: 63 00 00 08
[    4.620378] sd 0:0:0:0: [sda] Write cache: enabled, read cache: enabled, doesn't support DPO or FUA
[    4.652136]  sda: sda1 sda2 < sda5 >
[    4.671933] sd 0:0:0:0: [sda] Attached SCSI disk
[    5.154676] EXT4-fs (sda1): INFO: recovery required on readonly filesystem
[    5.157615] EXT4-fs (sda1): write access will be enabled during recovery
[    5.333843] EXT4-fs (sda1): recovery complete
[    5.336868] EXT4-fs (sda1): mounted filesystem with ordered data mode. Opts: (null)
[    8.611843] udevd[267]: starting version 175
[   10.013432] sr0: scsi3-mmc drive: 16x/50x cd/rw xa/form2 cdda tray
[   10.017838] cdrom: Uniform CD-ROM driver Revision: 3.20
[   10.075388] smc91x.c: v1.1, sep 22 2004 by Nicolas Pitre <nico@fluxnic.net>
[   10.138457] sr 0:0:2:0: Attached scsi CD-ROM sr0
[   10.237017] eth0: SMC91C11xFD (rev 1) at c89aa000 IRQ 25 [nowait]
[   10.239339] eth0: Ethernet addr: 52:54:00:12:34:56
[   10.242374] eth0: No PHY found
[   10.498459] sd 0:0:0:0: Attached scsi generic sg0 type 0
[   10.516982] sr 0:0:2:0: Attached scsi generic sg1 type 5
[   10.582914] input: ImExPS/2 Generic Explorer Mouse as /devices/fpga:07/serio1/input/input1
[   10.982871] rtc-ds1307 0-0068: rtc core: registered ds1338 as rtc1
[   10.984603] rtc-ds1307 0-0068: 56 bytes nvram
[   15.680648] Adding 496636k swap on /dev/sda5.  Priority:-1 extents:1 across:496636k 
[   16.176334] EXT4-fs (sda1): re-mounted. Opts: (null)
[   16.922499] EXT4-fs (sda1): re-mounted. Opts: errors=remount-ro
[   18.177706] loop: module loaded
[   37.086411] NET: Registered protocol family 10
[   37.569841] eth0: link up
[   39.722250] RPC: Registered named UNIX socket transport module.
[   39.725895] RPC: Registered udp transport module.
[   39.727156] RPC: Registered tcp transport module.
[   39.728350] RPC: Registered tcp NFSv4.1 backchannel transport module.
[   39.783921] FS-Cache: Loaded
[   39.835796] FS-Cache: Netfs 'nfs' registered for caching
[   39.893339] Installing knfsd (copyright (C) 1996 okir@monad.swb.de).
